2026-05-27 00:13:39,183 INFO pipeline: logging to /Users/ameyadeshmukh/Documents/sdraiworker/Website-Deanonymization-AI-Worker/logs/run_20260527_001339.log
2026-05-27 00:13:39,183 INFO pipeline: running steps: ['1b', '2', '3', '4']
2026-05-27 00:13:39,254 INFO pipeline: === Step 1B: pulling /export from the Worker ===
2026-05-27 00:13:39,279 DEBUG urllib3.connectionpool: Starting new HTTPS connection (1): website-deanon.ameya-deshmukh.workers.dev:443
2026-05-27 00:13:42,750 DEBUG urllib3.connectionpool: https://website-deanon.ameya-deshmukh.workers.dev:443 "GET /export?limit=500 HTTP/1.1" 200 None
2026-05-27 00:13:42,751 INFO worker_client: page 1: 27 ips (running total 27)
2026-05-27 00:13:42,754 INFO worker_client: wrote 27 ips to /Users/ameyadeshmukh/Documents/sdraiworker/Website-Deanonymization-AI-Worker/data/ip_visits.json
2026-05-27 00:13:42,755 INFO pipeline: === Step 2: filtering to high-intent IPs ===
2026-05-27 00:13:42,755 INFO filter_intent: filter: 4 / 27 ips passed (15%)
2026-05-27 00:13:42,756 INFO filter_intent: wrote 4 ips to /Users/ameyadeshmukh/Documents/sdraiworker/Website-Deanonymization-AI-Worker/data/high_intent_ips.json
2026-05-27 00:13:42,759 INFO pipeline: === Step 3: enriching with People Data Labs ===
2026-05-27 00:13:42,773 DEBUG urllib3.connectionpool: Starting new HTTPS connection (1): api.peopledatalabs.com:443
2026-05-27 00:13:42,912 DEBUG urllib3.connectionpool: https://api.peopledatalabs.com:443 "GET /v5/ip?ip=104.164.158.185 HTTP/1.1" 404 184
2026-05-27 00:13:42,946 DEBUG urllib3.connectionpool: https://api.peopledatalabs.com:443 "GET /v5/ip?ip=218.235.241.19 HTTP/1.1" 404 184
2026-05-27 00:13:42,977 DEBUG urllib3.connectionpool: https://api.peopledatalabs.com:443 "GET /v5/ip?ip=2600%3A1700%3A43c0%3A2500%3A5c2d%3A8aae%3A627a%3A9c1f HTTP/1.1" 404 184
2026-05-27 00:13:43,009 DEBUG urllib3.connectionpool: https://api.peopledatalabs.com:443 "GET /v5/ip?ip=46.138.250.165 HTTP/1.1" 404 184
2026-05-27 00:13:43,009 INFO pdl_client: pdl done: matched=0 no_match=4 errored=0 (total 4)
2026-05-27 00:13:43,010 INFO pdl_client: wrote 4 ips to /Users/ameyadeshmukh/Documents/sdraiworker/Website-Deanonymization-AI-Worker/data/enriched_ips.json
2026-05-27 00:13:43,012 INFO pipeline: === Step 4: writing to HubSpot ===
2026-05-27 00:13:43,013 DEBUG urllib3.connectionpool: Starting new HTTPS connection (1): api.hubapi.com:443
2026-05-27 00:13:43,556 DEBUG urllib3.connectionpool: https://api.hubapi.com:443 "GET /crm/v3/properties/companies HTTP/1.1" 200 None
2026-05-27 00:13:43,723 INFO hubspot_client: aggregated 4 ips into 0 domains
2026-05-27 00:13:43,724 INFO hubspot_client: hubspot writes: {'updated': 0, 'created': 0, 'dry_run': 0, 'error': 0}
2026-05-27 00:13:43,724 INFO hubspot_client: wrote 0 results to /Users/ameyadeshmukh/Documents/sdraiworker/Website-Deanonymization-AI-Worker/data/hubspot_writes.json
2026-05-27 00:13:43,725 INFO pipeline: done.
