2026-05-28 09:07:43,301 INFO pipeline: logging to /Users/ameyadeshmukh/Documents/sdraiworker/Website-Deanonymization-AI-Worker/logs/run_20260528_090743.log
2026-05-28 09:07:43,302 INFO pipeline: running steps: ['4', '5', '6', '7']
2026-05-28 09:07:43,353 INFO pipeline: === Step 4: writing companies to HubSpot ===
2026-05-28 09:07:43,373 DEBUG urllib3.connectionpool: Starting new HTTPS connection (1): api.hubapi.com:443
2026-05-28 09:07:43,814 DEBUG urllib3.connectionpool: https://api.hubapi.com:443 "GET /crm/v3/properties/companies HTTP/1.1" 200 None
2026-05-28 09:07:44,181 DEBUG urllib3.connectionpool: https://api.hubapi.com:443 "GET /crm/v3/properties/companies HTTP/1.1" 200 None
2026-05-28 09:07:44,233 INFO hubspot_client: aggregated 889 ips into 36 domains (delta visits this run: 0)
2026-05-28 09:07:44,619 DEBUG urllib3.connectionpool: https://api.hubapi.com:443 "POST /crm/v3/objects/companies/search HTTP/1.1" 200 264
2026-05-28 09:07:44,960 DEBUG urllib3.connectionpool: https://api.hubapi.com:443 "GET /crm/v3/objects/companies/431550921967?properties=website_visit_count HTTP/1.1" 200 222
2026-05-28 09:07:45,350 DEBUG urllib3.connectionpool: https://api.hubapi.com:443 "PATCH /crm/v3/objects/companies/431550921967 HTTP/1.1" 200 372
2026-05-28 09:07:45,752 DEBUG urllib3.connectionpool: https://api.hubapi.com:443 "POST /crm/v3/objects/companies/search HTTP/1.1" 200 272
2026-05-28 09:07:46,094 DEBUG urllib3.connectionpool: https://api.hubapi.com:443 "GET /crm/v3/objects/companies/431550655736?properties=website_visit_count HTTP/1.1" 200 221
2026-05-28 09:07:46,436 DEBUG urllib3.connectionpool: https://api.hubapi.com:443 "PATCH /crm/v3/objects/companies/431550655736 HTTP/1.1" 200 397
2026-05-28 09:07:46,814 DEBUG urllib3.connectionpool: https://api.hubapi.com:443 "POST /crm/v3/objects/companies/search HTTP/1.1" 200 281
2026-05-28 09:07:47,127 DEBUG urllib3.connectionpool: https://api.hubapi.com:443 "GET /crm/v3/objects/companies/431563213037?properties=website_visit_count HTTP/1.1" 200 221
2026-05-28 09:07:47,483 DEBUG urllib3.connectionpool: https://api.hubapi.com:443 "PATCH /crm/v3/objects/companies/431563213037 HTTP/1.1" 200 403
2026-05-28 09:07:47,814 DEBUG urllib3.connectionpool: https://api.hubapi.com:443 "POST /crm/v3/objects/companies/search HTTP/1.1" 200 264
2026-05-28 09:07:48,136 DEBUG urllib3.connectionpool: https://api.hubapi.com:443 "GET /crm/v3/objects/companies/431546650841?properties=website_visit_count HTTP/1.1" 200 223
2026-05-28 09:07:48,483 DEBUG urllib3.connectionpool: https://api.hubapi.com:443 "PATCH /crm/v3/objects/companies/431546650841 HTTP/1.1" 200 448
2026-05-28 09:07:48,855 DEBUG urllib3.connectionpool: https://api.hubapi.com:443 "POST /crm/v3/objects/companies/search HTTP/1.1" 200 256
2026-05-28 09:07:49,170 DEBUG urllib3.connectionpool: https://api.hubapi.com:443 "GET /crm/v3/objects/companies/431562959083?properties=website_visit_count HTTP/1.1" 200 221
2026-05-28 09:07:49,546 DEBUG urllib3.connectionpool: https://api.hubapi.com:443 "PATCH /crm/v3/objects/companies/431562959083 HTTP/1.1" 200 391
2026-05-28 09:07:49,895 DEBUG urllib3.connectionpool: https://api.hubapi.com:443 "POST /crm/v3/objects/companies/search HTTP/1.1" 200 264
2026-05-28 09:07:50,241 DEBUG urllib3.connectionpool: https://api.hubapi.com:443 "GET /crm/v3/objects/companies/431550852289?properties=website_visit_count HTTP/1.1" 200 222
2026-05-28 09:07:50,611 DEBUG urllib3.connectionpool: https://api.hubapi.com:443 "PATCH /crm/v3/objects/companies/431550852289 HTTP/1.1" 200 413
2026-05-28 09:07:50,947 DEBUG urllib3.connectionpool: https://api.hubapi.com:443 "POST /crm/v3/objects/companies/search HTTP/1.1" 200 272
2026-05-28 09:07:51,355 DEBUG urllib3.connectionpool: https://api.hubapi.com:443 "GET /crm/v3/objects/companies/431550547178?properties=website_visit_count HTTP/1.1" 200 223
2026-05-28 09:07:51,707 DEBUG urllib3.connectionpool: https://api.hubapi.com:443 "PATCH /crm/v3/objects/companies/431550547178 HTTP/1.1" 200 410
2026-05-28 09:07:52,040 DEBUG urllib3.connectionpool: https://api.hubapi.com:443 "POST /crm/v3/objects/companies/search HTTP/1.1" 200 271
2026-05-28 09:07:52,428 DEBUG urllib3.connectionpool: https://api.hubapi.com:443 "GET /crm/v3/objects/companies/431565480150?properties=website_visit_count HTTP/1.1" 200 220
2026-05-28 09:07:52,772 DEBUG urllib3.connectionpool: https://api.hubapi.com:443 "PATCH /crm/v3/objects/companies/431565480150 HTTP/1.1" 200 372
2026-05-28 09:07:53,125 DEBUG urllib3.connectionpool: https://api.hubapi.com:443 "POST /crm/v3/objects/companies/search HTTP/1.1" 200 265
2026-05-28 09:07:53,420 DEBUG urllib3.connectionpool: https://api.hubapi.com:443 "GET /crm/v3/objects/companies/431565565118?properties=website_visit_count HTTP/1.1" 200 221
2026-05-28 09:07:53,947 DEBUG urllib3.connectionpool: https://api.hubapi.com:443 "PATCH /crm/v3/objects/companies/431565565118 HTTP/1.1" 200 414
2026-05-28 09:07:54,320 DEBUG urllib3.connectionpool: https://api.hubapi.com:443 "POST /crm/v3/objects/companies/search HTTP/1.1" 200 256
2026-05-28 09:07:54,713 DEBUG urllib3.connectionpool: https://api.hubapi.com:443 "GET /crm/v3/objects/companies/431456557242?properties=website_visit_count HTTP/1.1" 200 223
2026-05-28 09:07:55,092 DEBUG urllib3.connectionpool: https://api.hubapi.com:443 "PATCH /crm/v3/objects/companies/431456557242 HTTP/1.1" 200 404
2026-05-28 09:07:55,476 DEBUG urllib3.connectionpool: https://api.hubapi.com:443 "POST /crm/v3/objects/companies/search HTTP/1.1" 200 258
2026-05-28 09:07:55,797 DEBUG urllib3.connectionpool: https://api.hubapi.com:443 "GET /crm/v3/objects/companies/108583111892?properties=website_visit_count HTTP/1.1" 200 225
2026-05-28 09:07:56,132 DEBUG urllib3.connectionpool: https://api.hubapi.com:443 "PATCH /crm/v3/objects/companies/108583111892 HTTP/1.1" 200 488
2026-05-28 09:07:56,474 DEBUG urllib3.connectionpool: https://api.hubapi.com:443 "POST /crm/v3/objects/companies/search HTTP/1.1" 200 261
2026-05-28 09:07:56,791 DEBUG urllib3.connectionpool: https://api.hubapi.com:443 "GET /crm/v3/objects/companies/431489345737?properties=website_visit_count HTTP/1.1" 200 221
2026-05-28 09:07:57,185 DEBUG urllib3.connectionpool: https://api.hubapi.com:443 "PATCH /crm/v3/objects/companies/431489345737 HTTP/1.1" 200 371
2026-05-28 09:07:57,520 DEBUG urllib3.connectionpool: https://api.hubapi.com:443 "POST /crm/v3/objects/companies/search HTTP/1.1" 200 253
2026-05-28 09:07:57,826 DEBUG urllib3.connectionpool: https://api.hubapi.com:443 "GET /crm/v3/objects/companies/57643902152?properties=website_visit_count HTTP/1.1" 200 224
2026-05-28 09:07:58,211 DEBUG urllib3.connectionpool: https://api.hubapi.com:443 "PATCH /crm/v3/objects/companies/57643902152 HTTP/1.1" 200 554
2026-05-28 09:07:58,560 DEBUG urllib3.connectionpool: https://api.hubapi.com:443 "POST /crm/v3/objects/companies/search HTTP/1.1" 200 254
2026-05-28 09:07:58,866 DEBUG urllib3.connectionpool: https://api.hubapi.com:443 "GET /crm/v3/objects/companies/431546832060?properties=website_visit_count HTTP/1.1" 200 223
2026-05-28 09:07:59,213 DEBUG urllib3.connectionpool: https://api.hubapi.com:443 "PATCH /crm/v3/objects/companies/431546832060 HTTP/1.1" 200 405
2026-05-28 09:07:59,564 DEBUG urllib3.connectionpool: https://api.hubapi.com:443 "POST /crm/v3/objects/companies/search HTTP/1.1" 200 273
2026-05-28 09:07:59,906 DEBUG urllib3.connectionpool: https://api.hubapi.com:443 "GET /crm/v3/objects/companies/431563213043?properties=website_visit_count HTTP/1.1" 200 222
2026-05-28 09:08:00,236 DEBUG urllib3.connectionpool: https://api.hubapi.com:443 "PATCH /crm/v3/objects/companies/431563213043 HTTP/1.1" 200 404
2026-05-28 09:08:00,603 DEBUG urllib3.connectionpool: https://api.hubapi.com:443 "POST /crm/v3/objects/companies/search HTTP/1.1" 200 277
2026-05-28 09:08:00,924 DEBUG urllib3.connectionpool: https://api.hubapi.com:443 "GET /crm/v3/objects/companies/431565540569?properties=website_visit_count HTTP/1.1" 200 223
2026-05-28 09:08:01,273 DEBUG urllib3.connectionpool: https://api.hubapi.com:443 "PATCH /crm/v3/objects/companies/431565540569 HTTP/1.1" 200 409
2026-05-28 09:08:01,648 DEBUG urllib3.connectionpool: https://api.hubapi.com:443 "POST /crm/v3/objects/companies/search HTTP/1.1" 200 260
2026-05-28 09:08:02,003 DEBUG urllib3.connectionpool: https://api.hubapi.com:443 "GET /crm/v3/objects/companies/431565565120?properties=website_visit_count HTTP/1.1" 200 222
2026-05-28 09:08:02,369 DEBUG urllib3.connectionpool: https://api.hubapi.com:443 "PATCH /crm/v3/objects/companies/431565565120 HTTP/1.1" 200 401
2026-05-28 09:08:02,803 DEBUG urllib3.connectionpool: https://api.hubapi.com:443 "POST /crm/v3/objects/companies/search HTTP/1.1" 200 263
2026-05-28 09:08:03,117 DEBUG urllib3.connectionpool: https://api.hubapi.com:443 "GET /crm/v3/objects/companies/431565362372?properties=website_visit_count HTTP/1.1" 200 223
2026-05-28 09:08:03,444 DEBUG urllib3.connectionpool: https://api.hubapi.com:443 "PATCH /crm/v3/objects/companies/431565362372 HTTP/1.1" 200 397
2026-05-28 09:08:03,792 DEBUG urllib3.connectionpool: https://api.hubapi.com:443 "POST /crm/v3/objects/companies/search HTTP/1.1" 200 292
2026-05-28 09:08:04,102 DEBUG urllib3.connectionpool: https://api.hubapi.com:443 "GET /crm/v3/objects/companies/431408863472?properties=website_visit_count HTTP/1.1" 200 222
2026-05-28 09:08:04,459 DEBUG urllib3.connectionpool: https://api.hubapi.com:443 "PATCH /crm/v3/objects/companies/431408863472 HTTP/1.1" 200 382
2026-05-28 09:08:04,806 DEBUG urllib3.connectionpool: https://api.hubapi.com:443 "POST /crm/v3/objects/companies/search HTTP/1.1" 200 253
2026-05-28 09:08:05,146 DEBUG urllib3.connectionpool: https://api.hubapi.com:443 "GET /crm/v3/objects/companies/431563213046?properties=website_visit_count HTTP/1.1" 200 222
2026-05-28 09:08:05,494 DEBUG urllib3.connectionpool: https://api.hubapi.com:443 "PATCH /crm/v3/objects/companies/431563213046 HTTP/1.1" 200 413
2026-05-28 09:08:05,838 DEBUG urllib3.connectionpool: https://api.hubapi.com:443 "POST /crm/v3/objects/companies/search HTTP/1.1" 200 258
2026-05-28 09:08:06,183 DEBUG urllib3.connectionpool: https://api.hubapi.com:443 "GET /crm/v3/objects/companies/431550949563?properties=website_visit_count HTTP/1.1" 200 222
2026-05-28 09:08:06,543 DEBUG urllib3.connectionpool: https://api.hubapi.com:443 "PATCH /crm/v3/objects/companies/431550949563 HTTP/1.1" 200 420
2026-05-28 09:08:06,877 DEBUG urllib3.connectionpool: https://api.hubapi.com:443 "POST /crm/v3/objects/companies/search HTTP/1.1" 200 265
2026-05-28 09:08:07,180 DEBUG urllib3.connectionpool: https://api.hubapi.com:443 "GET /crm/v3/objects/companies/431509229786?properties=website_visit_count HTTP/1.1" 200 221
2026-05-28 09:08:07,534 DEBUG urllib3.connectionpool: https://api.hubapi.com:443 "PATCH /crm/v3/objects/companies/431509229786 HTTP/1.1" 200 369
2026-05-28 09:08:07,866 DEBUG urllib3.connectionpool: https://api.hubapi.com:443 "POST /crm/v3/objects/companies/search HTTP/1.1" 200 259
2026-05-28 09:08:08,162 DEBUG urllib3.connectionpool: https://api.hubapi.com:443 "GET /crm/v3/objects/companies/156755536113?properties=website_visit_count HTTP/1.1" 200 226
2026-05-28 09:08:08,536 DEBUG urllib3.connectionpool: https://api.hubapi.com:443 "PATCH /crm/v3/objects/companies/156755536113 HTTP/1.1" 200 474
2026-05-28 09:08:08,846 DEBUG urllib3.connectionpool: https://api.hubapi.com:443 "POST /crm/v3/objects/companies/search HTTP/1.1" 200 265
2026-05-28 09:08:09,171 DEBUG urllib3.connectionpool: https://api.hubapi.com:443 "GET /crm/v3/objects/companies/431562731733?properties=website_visit_count HTTP/1.1" 200 223
2026-05-28 09:08:09,532 DEBUG urllib3.connectionpool: https://api.hubapi.com:443 "PATCH /crm/v3/objects/companies/431562731733 HTTP/1.1" 200 370
2026-05-28 09:08:09,931 DEBUG urllib3.connectionpool: https://api.hubapi.com:443 "POST /crm/v3/objects/companies/search HTTP/1.1" 200 274
2026-05-28 09:08:10,253 DEBUG urllib3.connectionpool: https://api.hubapi.com:443 "GET /crm/v3/objects/companies/431565513936?properties=website_visit_count HTTP/1.1" 200 222
2026-05-28 09:08:10,592 DEBUG urllib3.connectionpool: https://api.hubapi.com:443 "PATCH /crm/v3/objects/companies/431565513936 HTTP/1.1" 200 405
2026-05-28 09:08:10,925 DEBUG urllib3.connectionpool: https://api.hubapi.com:443 "POST /crm/v3/objects/companies/search HTTP/1.1" 200 263
2026-05-28 09:08:11,223 DEBUG urllib3.connectionpool: https://api.hubapi.com:443 "GET /crm/v3/objects/companies/429689106667?properties=website_visit_count HTTP/1.1" 200 221
2026-05-28 09:08:11,547 DEBUG urllib3.connectionpool: https://api.hubapi.com:443 "PATCH /crm/v3/objects/companies/429689106667 HTTP/1.1" 200 491
2026-05-28 09:08:11,884 DEBUG urllib3.connectionpool: https://api.hubapi.com:443 "POST /crm/v3/objects/companies/search HTTP/1.1" 200 268
2026-05-28 09:08:12,176 DEBUG urllib3.connectionpool: https://api.hubapi.com:443 "GET /crm/v3/objects/companies/431565701358?properties=website_visit_count HTTP/1.1" 200 221
2026-05-28 09:08:12,517 DEBUG urllib3.connectionpool: https://api.hubapi.com:443 "PATCH /crm/v3/objects/companies/431565701358 HTTP/1.1" 200 369
2026-05-28 09:08:12,843 DEBUG urllib3.connectionpool: https://api.hubapi.com:443 "POST /crm/v3/objects/companies/search HTTP/1.1" 200 268
2026-05-28 09:08:13,156 DEBUG urllib3.connectionpool: https://api.hubapi.com:443 "GET /crm/v3/objects/companies/429876914367?properties=website_visit_count HTTP/1.1" 200 223
2026-05-28 09:08:13,546 DEBUG urllib3.connectionpool: https://api.hubapi.com:443 "PATCH /crm/v3/objects/companies/429876914367 HTTP/1.1" 200 493
2026-05-28 09:08:13,913 DEBUG urllib3.connectionpool: https://api.hubapi.com:443 "POST /crm/v3/objects/companies/search HTTP/1.1" 200 253
2026-05-28 09:08:14,234 DEBUG urllib3.connectionpool: https://api.hubapi.com:443 "GET /crm/v3/objects/companies/156782139619?properties=website_visit_count HTTP/1.1" 200 224
2026-05-28 09:08:14,588 DEBUG urllib3.connectionpool: https://api.hubapi.com:443 "PATCH /crm/v3/objects/companies/156782139619 HTTP/1.1" 200 559
2026-05-28 09:08:14,916 DEBUG urllib3.connectionpool: https://api.hubapi.com:443 "POST /crm/v3/objects/companies/search HTTP/1.1" 200 261
2026-05-28 09:08:15,245 DEBUG urllib3.connectionpool: https://api.hubapi.com:443 "GET /crm/v3/objects/companies/431546594542?properties=website_visit_count HTTP/1.1" 200 223
2026-05-28 09:08:15,632 DEBUG urllib3.connectionpool: https://api.hubapi.com:443 "PATCH /crm/v3/objects/companies/431546594542 HTTP/1.1" 200 414
2026-05-28 09:08:16,118 DEBUG urllib3.connectionpool: https://api.hubapi.com:443 "POST /crm/v3/objects/companies/search HTTP/1.1" 200 270
2026-05-28 09:08:16,474 DEBUG urllib3.connectionpool: https://api.hubapi.com:443 "GET /crm/v3/objects/companies/431562632388?properties=website_visit_count HTTP/1.1" 200 222
2026-05-28 09:08:16,806 DEBUG urllib3.connectionpool: https://api.hubapi.com:443 "PATCH /crm/v3/objects/companies/431562632388 HTTP/1.1" 200 414
2026-05-28 09:08:17,124 DEBUG urllib3.connectionpool: https://api.hubapi.com:443 "POST /crm/v3/objects/companies/search HTTP/1.1" 200 270
2026-05-28 09:08:17,423 DEBUG urllib3.connectionpool: https://api.hubapi.com:443 "GET /crm/v3/objects/companies/431550826723?properties=website_visit_count HTTP/1.1" 200 221
2026-05-28 09:08:17,759 DEBUG urllib3.connectionpool: https://api.hubapi.com:443 "PATCH /crm/v3/objects/companies/431550826723 HTTP/1.1" 200 397
2026-05-28 09:08:18,110 DEBUG urllib3.connectionpool: https://api.hubapi.com:443 "POST /crm/v3/objects/companies/search HTTP/1.1" 200 261
2026-05-28 09:08:18,437 DEBUG urllib3.connectionpool: https://api.hubapi.com:443 "GET /crm/v3/objects/companies/431550975200?properties=website_visit_count HTTP/1.1" 200 223
2026-05-28 09:08:18,764 DEBUG urllib3.connectionpool: https://api.hubapi.com:443 "PATCH /crm/v3/objects/companies/431550975200 HTTP/1.1" 200 382
2026-05-28 09:08:19,134 DEBUG urllib3.connectionpool: https://api.hubapi.com:443 "POST /crm/v3/objects/companies/search HTTP/1.1" 200 252
2026-05-28 09:08:19,457 DEBUG urllib3.connectionpool: https://api.hubapi.com:443 "GET /crm/v3/objects/companies/83535319265?properties=website_visit_count HTTP/1.1" 200 223
2026-05-28 09:08:19,774 DEBUG urllib3.connectionpool: https://api.hubapi.com:443 "PATCH /crm/v3/objects/companies/83535319265 HTTP/1.1" 200 570
2026-05-28 09:08:20,121 DEBUG urllib3.connectionpool: https://api.hubapi.com:443 "POST /crm/v3/objects/companies/search HTTP/1.1" 200 276
2026-05-28 09:08:20,449 DEBUG urllib3.connectionpool: https://api.hubapi.com:443 "GET /crm/v3/objects/companies/431550672116?properties=website_visit_count HTTP/1.1" 200 223
2026-05-28 09:08:20,838 DEBUG urllib3.connectionpool: https://api.hubapi.com:443 "PATCH /crm/v3/objects/companies/431550672116 HTTP/1.1" 200 392
2026-05-28 09:08:21,210 DEBUG urllib3.connectionpool: https://api.hubapi.com:443 "POST /crm/v3/objects/companies/search HTTP/1.1" 200 253
2026-05-28 09:08:21,563 DEBUG urllib3.connectionpool: https://api.hubapi.com:443 "GET /crm/v3/objects/companies/431550975201?properties=website_visit_count HTTP/1.1" 200 222
2026-05-28 09:08:21,914 DEBUG urllib3.connectionpool: https://api.hubapi.com:443 "PATCH /crm/v3/objects/companies/431550975201 HTTP/1.1" 200 395
2026-05-28 09:08:21,915 INFO hubspot_client: hubspot writes: {'updated': 36, 'created': 0, 'dry_run': 0, 'error': 0}
2026-05-28 09:08:21,916 INFO hubspot_client: wrote 36 results to /Users/ameyadeshmukh/Documents/sdraiworker/Website-Deanonymization-AI-Worker/data/hubspot_writes.json
2026-05-28 09:08:21,916 INFO hubspot_client: wrote credited state for 37 ips to /Users/ameyadeshmukh/Documents/sdraiworker/Website-Deanonymization-AI-Worker/data/credited_counts.json
2026-05-28 09:08:21,920 INFO pipeline: === Step 5: qualifying visitors by inferred role ===
2026-05-28 09:08:21,927 INFO role_filter: qualifier: 0 qualified (role=0, intent=0, both=0) / 1 ICP matched / 37 matched total / 0 had person data
2026-05-28 09:08:21,928 INFO role_filter: wrote 0 qualified visitors to /Users/ameyadeshmukh/Documents/sdraiworker/Website-Deanonymization-AI-Worker/data/qualified_visitors.json
2026-05-28 09:08:21,929 INFO pipeline: === Step 6: PDL Person Search for peers at ICP companies ===
2026-05-28 09:08:21,929 INFO person_lookup: no qualified visitors; nothing to look up
2026-05-28 09:08:21,930 INFO person_lookup: wrote 0 people across 0 companies to /Users/ameyadeshmukh/Documents/sdraiworker/Website-Deanonymization-AI-Worker/data/people.json
2026-05-28 09:08:21,930 INFO pipeline: === Step 7: writing contacts to HubSpot ===
2026-05-28 09:08:21,932 DEBUG urllib3.connectionpool: Starting new HTTPS connection (1): api.hubapi.com:443
2026-05-28 09:08:22,321 DEBUG urllib3.connectionpool: https://api.hubapi.com:443 "POST /crm/v3/objects/contacts/search HTTP/1.1" 200 260
2026-05-28 09:08:22,653 DEBUG urllib3.connectionpool: https://api.hubapi.com:443 "GET /crm/v3/properties/contacts HTTP/1.1" 200 None
2026-05-28 09:08:22,664 INFO contact_upsert: LinkedIn fallback active: matching/writing via `hs_linkedin_url`
2026-05-28 09:08:22,665 INFO contact_upsert: contact writes: {'created': 0, 'updated': 0, 'skipped': 0, 'dry_run': 0, 'error': 0}
2026-05-28 09:08:22,665 INFO contact_upsert: wrote 0 contact results to /Users/ameyadeshmukh/Documents/sdraiworker/Website-Deanonymization-AI-Worker/data/hubspot_contact_writes.json
2026-05-28 09:08:22,666 INFO pipeline: done.
