2026-05-27 15:01:40,714 INFO pipeline: logging to /Users/ameyadeshmukh/Documents/sdraiworker/Website-Deanonymization-AI-Worker/logs/run_20260527_150140.log
2026-05-27 15:01:40,715 INFO pipeline: running steps: ['4']
2026-05-27 15:01:40,809 INFO pipeline: === Step 4: writing to HubSpot ===
2026-05-27 15:01:40,817 DEBUG urllib3.connectionpool: Starting new HTTPS connection (1): api.hubapi.com:443
2026-05-27 15:01:41,163 DEBUG urllib3.connectionpool: https://api.hubapi.com:443 "GET /crm/v3/properties/companies HTTP/1.1" 200 None
2026-05-27 15:01:41,182 INFO hubspot_client: aggregated 122 ips into 6 domains
2026-05-27 15:01:41,565 DEBUG urllib3.connectionpool: https://api.hubapi.com:443 "POST /crm/v3/objects/companies/search HTTP/1.1" 200 24
2026-05-27 15:01:41,978 DEBUG urllib3.connectionpool: https://api.hubapi.com:443 "POST /crm/v3/objects/companies HTTP/1.1" 201 578
2026-05-27 15:01:42,279 DEBUG urllib3.connectionpool: https://api.hubapi.com:443 "POST /crm/v3/objects/companies/search HTTP/1.1" 200 24
2026-05-27 15:01:42,730 DEBUG urllib3.connectionpool: https://api.hubapi.com:443 "POST /crm/v3/objects/companies HTTP/1.1" 201 520
2026-05-27 15:01:43,140 DEBUG urllib3.connectionpool: https://api.hubapi.com:443 "POST /crm/v3/objects/companies/search HTTP/1.1" 200 24
2026-05-27 15:01:43,598 DEBUG urllib3.connectionpool: https://api.hubapi.com:443 "POST /crm/v3/objects/companies HTTP/1.1" 201 499
2026-05-27 15:01:43,925 DEBUG urllib3.connectionpool: https://api.hubapi.com:443 "POST /crm/v3/objects/companies/search HTTP/1.1" 200 252
2026-05-27 15:01:44,790 DEBUG urllib3.connectionpool: https://api.hubapi.com:443 "PATCH /crm/v3/objects/companies/156782139619 HTTP/1.1" 200 537
2026-05-27 15:01:45,188 DEBUG urllib3.connectionpool: https://api.hubapi.com:443 "POST /crm/v3/objects/companies/search HTTP/1.1" 200 24
2026-05-27 15:01:45,562 DEBUG urllib3.connectionpool: https://api.hubapi.com:443 "POST /crm/v3/objects/companies HTTP/1.1" 201 537
2026-05-27 15:01:45,926 DEBUG urllib3.connectionpool: https://api.hubapi.com:443 "POST /crm/v3/objects/companies/search HTTP/1.1" 200 24
2026-05-27 15:01:46,419 DEBUG urllib3.connectionpool: https://api.hubapi.com:443 "POST /crm/v3/objects/companies HTTP/1.1" 201 562
2026-05-27 15:01:46,421 INFO hubspot_client: hubspot writes: {'updated': 1, 'created': 5, 'dry_run': 0, 'error': 0}
2026-05-27 15:01:46,422 INFO hubspot_client: wrote 6 results to /Users/ameyadeshmukh/Documents/sdraiworker/Website-Deanonymization-AI-Worker/data/hubspot_writes.json
2026-05-27 15:01:46,424 INFO pipeline: done.
