2026-05-27 17:01:21,619 INFO pipeline: logging to /Users/ameyadeshmukh/Documents/sdraiworker/Website-Deanonymization-AI-Worker/logs/run_20260527_170121.log
2026-05-27 17:01:21,619 INFO pipeline: running steps: ['7']
2026-05-27 17:01:21,716 INFO pipeline: === Step 7: writing contacts to HubSpot ===
2026-05-27 17:01:21,739 DEBUG urllib3.connectionpool: Starting new HTTPS connection (1): api.hubapi.com:443
2026-05-27 17:01:22,195 DEBUG urllib3.connectionpool: https://api.hubapi.com:443 "POST /crm/v3/objects/contacts/search HTTP/1.1" 200 260
2026-05-27 17:01:22,542 DEBUG urllib3.connectionpool: https://api.hubapi.com:443 "GET /crm/v3/properties/contacts HTTP/1.1" 200 None
2026-05-27 17:01:22,585 INFO contact_upsert: LinkedIn fallback active: matching/writing via `hs_linkedin_url`
2026-05-27 17:01:22,925 DEBUG urllib3.connectionpool: https://api.hubapi.com:443 "POST /crm/v3/objects/contacts/search HTTP/1.1" 200 24
2026-05-27 17:01:23,465 DEBUG urllib3.connectionpool: https://api.hubapi.com:443 "POST /crm/v3/objects/contacts HTTP/1.1" 201 641
2026-05-27 17:01:23,874 DEBUG urllib3.connectionpool: https://api.hubapi.com:443 "PUT /crm/v4/objects/contacts/787324651762/associations/default/companies/156782139619 HTTP/1.1" 200 213
2026-05-27 17:01:24,195 DEBUG urllib3.connectionpool: https://api.hubapi.com:443 "POST /crm/v3/objects/contacts/search HTTP/1.1" 200 24
2026-05-27 17:01:25,386 DEBUG urllib3.connectionpool: https://api.hubapi.com:443 "POST /crm/v3/objects/contacts HTTP/1.1" 201 641
2026-05-27 17:01:26,023 DEBUG urllib3.connectionpool: https://api.hubapi.com:443 "PUT /crm/v4/objects/contacts/787211781341/associations/default/companies/156782139619 HTTP/1.1" 200 213
2026-05-27 17:01:26,480 DEBUG urllib3.connectionpool: https://api.hubapi.com:443 "POST /crm/v3/objects/contacts/search HTTP/1.1" 200 24
2026-05-27 17:01:26,972 DEBUG urllib3.connectionpool: https://api.hubapi.com:443 "POST /crm/v3/objects/contacts HTTP/1.1" 201 644
2026-05-27 17:01:27,379 DEBUG urllib3.connectionpool: https://api.hubapi.com:443 "PUT /crm/v4/objects/contacts/787331984594/associations/default/companies/156782139619 HTTP/1.1" 200 214
2026-05-27 17:01:27,881 DEBUG urllib3.connectionpool: https://api.hubapi.com:443 "POST /crm/v3/objects/contacts/search HTTP/1.1" 200 24
2026-05-27 17:01:28,584 DEBUG urllib3.connectionpool: https://api.hubapi.com:443 "POST /crm/v3/objects/contacts HTTP/1.1" 201 617
2026-05-27 17:01:28,993 DEBUG urllib3.connectionpool: https://api.hubapi.com:443 "PUT /crm/v4/objects/contacts/787304687835/associations/default/companies/156782139619 HTTP/1.1" 200 214
2026-05-27 17:01:29,503 DEBUG urllib3.connectionpool: https://api.hubapi.com:443 "POST /crm/v3/objects/contacts/search HTTP/1.1" 200 24
2026-05-27 17:01:29,983 DEBUG urllib3.connectionpool: https://api.hubapi.com:443 "POST /crm/v3/objects/contacts HTTP/1.1" 201 632
2026-05-27 17:01:30,430 DEBUG urllib3.connectionpool: https://api.hubapi.com:443 "PUT /crm/v4/objects/contacts/787304687839/associations/default/companies/156782139619 HTTP/1.1" 200 212
2026-05-27 17:01:30,839 DEBUG urllib3.connectionpool: https://api.hubapi.com:443 "POST /crm/v3/objects/contacts/search HTTP/1.1" 200 24
2026-05-27 17:01:31,458 DEBUG urllib3.connectionpool: https://api.hubapi.com:443 "POST /crm/v3/objects/contacts HTTP/1.1" 201 631
2026-05-27 17:01:31,897 DEBUG urllib3.connectionpool: https://api.hubapi.com:443 "PUT /crm/v4/objects/contacts/787280023752/associations/default/companies/156782139619 HTTP/1.1" 200 212
2026-05-27 17:01:32,241 DEBUG urllib3.connectionpool: https://api.hubapi.com:443 "POST /crm/v3/objects/contacts/search HTTP/1.1" 200 24
2026-05-27 17:01:32,779 DEBUG urllib3.connectionpool: https://api.hubapi.com:443 "POST /crm/v3/objects/contacts HTTP/1.1" 201 658
2026-05-27 17:01:33,811 DEBUG urllib3.connectionpool: https://api.hubapi.com:443 "PUT /crm/v4/objects/contacts/787314394324/associations/default/companies/156782139619 HTTP/1.1" 200 212
2026-05-27 17:01:34,162 DEBUG urllib3.connectionpool: https://api.hubapi.com:443 "POST /crm/v3/objects/contacts/search HTTP/1.1" 200 24
2026-05-27 17:01:34,668 DEBUG urllib3.connectionpool: https://api.hubapi.com:443 "POST /crm/v3/objects/contacts HTTP/1.1" 201 631
2026-05-27 17:01:35,135 DEBUG urllib3.connectionpool: https://api.hubapi.com:443 "PUT /crm/v4/objects/contacts/787258383551/associations/default/companies/156782139619 HTTP/1.1" 200 212
2026-05-27 17:01:35,488 DEBUG urllib3.connectionpool: https://api.hubapi.com:443 "POST /crm/v3/objects/contacts/search HTTP/1.1" 200 24
2026-05-27 17:01:36,163 DEBUG urllib3.connectionpool: https://api.hubapi.com:443 "POST /crm/v3/objects/contacts HTTP/1.1" 201 634
2026-05-27 17:01:36,530 DEBUG urllib3.connectionpool: https://api.hubapi.com:443 "PUT /crm/v4/objects/contacts/787331984625/associations/default/companies/156782139619 HTTP/1.1" 200 213
2026-05-27 17:01:36,896 DEBUG urllib3.connectionpool: https://api.hubapi.com:443 "POST /crm/v3/objects/contacts/search HTTP/1.1" 200 24
2026-05-27 17:01:37,353 DEBUG urllib3.connectionpool: https://api.hubapi.com:443 "POST /crm/v3/objects/contacts HTTP/1.1" 201 632
2026-05-27 17:01:37,845 DEBUG urllib3.connectionpool: https://api.hubapi.com:443 "PUT /crm/v4/objects/contacts/787304687850/associations/default/companies/156782139619 HTTP/1.1" 200 213
2026-05-27 17:01:38,263 DEBUG urllib3.connectionpool: https://api.hubapi.com:443 "POST /crm/v3/objects/contacts/search HTTP/1.1" 200 24
2026-05-27 17:01:38,957 DEBUG urllib3.connectionpool: https://api.hubapi.com:443 "POST /crm/v3/objects/contacts HTTP/1.1" 201 640
2026-05-27 17:01:39,560 DEBUG urllib3.connectionpool: https://api.hubapi.com:443 "PUT /crm/v4/objects/contacts/787280532687/associations/default/companies/156782139619 HTTP/1.1" 200 212
2026-05-27 17:01:40,039 DEBUG urllib3.connectionpool: https://api.hubapi.com:443 "POST /crm/v3/objects/contacts/search HTTP/1.1" 200 24
2026-05-27 17:01:40,556 DEBUG urllib3.connectionpool: https://api.hubapi.com:443 "POST /crm/v3/objects/contacts HTTP/1.1" 201 665
2026-05-27 17:01:41,148 DEBUG urllib3.connectionpool: https://api.hubapi.com:443 "PUT /crm/v4/objects/contacts/787379300543/associations/default/companies/156782139619 HTTP/1.1" 200 214
2026-05-27 17:01:41,490 DEBUG urllib3.connectionpool: https://api.hubapi.com:443 "POST /crm/v3/objects/contacts/search HTTP/1.1" 200 24
2026-05-27 17:01:41,914 DEBUG urllib3.connectionpool: https://api.hubapi.com:443 "POST /crm/v3/objects/contacts HTTP/1.1" 201 626
2026-05-27 17:01:42,277 DEBUG urllib3.connectionpool: https://api.hubapi.com:443 "PUT /crm/v4/objects/contacts/787304687854/associations/default/companies/156782139619 HTTP/1.1" 200 214
2026-05-27 17:01:42,816 DEBUG urllib3.connectionpool: https://api.hubapi.com:443 "POST /crm/v3/objects/contacts/search HTTP/1.1" 200 24
2026-05-27 17:01:43,266 DEBUG urllib3.connectionpool: https://api.hubapi.com:443 "POST /crm/v3/objects/contacts HTTP/1.1" 201 636
2026-05-27 17:01:43,764 DEBUG urllib3.connectionpool: https://api.hubapi.com:443 "PUT /crm/v4/objects/contacts/787303651569/associations/default/companies/156782139619 HTTP/1.1" 200 212
2026-05-27 17:01:44,223 DEBUG urllib3.connectionpool: https://api.hubapi.com:443 "POST /crm/v3/objects/contacts/search HTTP/1.1" 200 24
2026-05-27 17:01:44,747 DEBUG urllib3.connectionpool: https://api.hubapi.com:443 "POST /crm/v3/objects/contacts HTTP/1.1" 201 631
2026-05-27 17:01:45,097 DEBUG urllib3.connectionpool: https://api.hubapi.com:443 "PUT /crm/v4/objects/contacts/787268827327/associations/default/companies/156782139619 HTTP/1.1" 200 213
2026-05-27 17:01:45,477 DEBUG urllib3.connectionpool: https://api.hubapi.com:443 "POST /crm/v3/objects/contacts/search HTTP/1.1" 200 24
2026-05-27 17:01:45,954 DEBUG urllib3.connectionpool: https://api.hubapi.com:443 "POST /crm/v3/objects/contacts HTTP/1.1" 201 630
2026-05-27 17:01:46,544 DEBUG urllib3.connectionpool: https://api.hubapi.com:443 "PUT /crm/v4/objects/contacts/787314394348/associations/default/companies/156782139619 HTTP/1.1" 200 213
2026-05-27 17:01:46,884 DEBUG urllib3.connectionpool: https://api.hubapi.com:443 "POST /crm/v3/objects/contacts/search HTTP/1.1" 200 24
2026-05-27 17:01:47,324 DEBUG urllib3.connectionpool: https://api.hubapi.com:443 "POST /crm/v3/objects/contacts HTTP/1.1" 201 636
2026-05-27 17:01:47,768 DEBUG urllib3.connectionpool: https://api.hubapi.com:443 "PUT /crm/v4/objects/contacts/787280948450/associations/default/companies/156782139619 HTTP/1.1" 200 213
2026-05-27 17:01:48,104 DEBUG urllib3.connectionpool: https://api.hubapi.com:443 "POST /crm/v3/objects/contacts/search HTTP/1.1" 200 24
2026-05-27 17:01:49,107 DEBUG urllib3.connectionpool: https://api.hubapi.com:443 "POST /crm/v3/objects/contacts HTTP/1.1" 201 631
2026-05-27 17:01:49,473 DEBUG urllib3.connectionpool: https://api.hubapi.com:443 "PUT /crm/v4/objects/contacts/787331491064/associations/default/companies/156782139619 HTTP/1.1" 200 213
2026-05-27 17:01:49,879 DEBUG urllib3.connectionpool: https://api.hubapi.com:443 "POST /crm/v3/objects/contacts/search HTTP/1.1" 200 24
2026-05-27 17:01:50,327 DEBUG urllib3.connectionpool: https://api.hubapi.com:443 "POST /crm/v3/objects/contacts HTTP/1.1" 201 625
2026-05-27 17:01:50,747 DEBUG urllib3.connectionpool: https://api.hubapi.com:443 "PUT /crm/v4/objects/contacts/787331183809/associations/default/companies/156782139619 HTTP/1.1" 200 212
2026-05-27 17:01:51,086 DEBUG urllib3.connectionpool: https://api.hubapi.com:443 "POST /crm/v3/objects/contacts/search HTTP/1.1" 200 24
2026-05-27 17:01:51,526 DEBUG urllib3.connectionpool: https://api.hubapi.com:443 "POST /crm/v3/objects/contacts HTTP/1.1" 201 618
2026-05-27 17:01:51,930 DEBUG urllib3.connectionpool: https://api.hubapi.com:443 "PUT /crm/v4/objects/contacts/787234127035/associations/default/companies/156782139619 HTTP/1.1" 200 214
2026-05-27 17:01:52,338 DEBUG urllib3.connectionpool: https://api.hubapi.com:443 "POST /crm/v3/objects/contacts/search HTTP/1.1" 200 24
2026-05-27 17:01:52,849 DEBUG urllib3.connectionpool: https://api.hubapi.com:443 "POST /crm/v3/objects/contacts HTTP/1.1" 201 627
2026-05-27 17:01:53,361 DEBUG urllib3.connectionpool: https://api.hubapi.com:443 "PUT /crm/v4/objects/contacts/787324179653/associations/default/companies/156782139619 HTTP/1.1" 200 213
2026-05-27 17:01:53,774 DEBUG urllib3.connectionpool: https://api.hubapi.com:443 "POST /crm/v3/objects/contacts/search HTTP/1.1" 200 24
2026-05-27 17:01:54,330 DEBUG urllib3.connectionpool: https://api.hubapi.com:443 "POST /crm/v3/objects/contacts HTTP/1.1" 201 636
2026-05-27 17:01:54,692 DEBUG urllib3.connectionpool: https://api.hubapi.com:443 "PUT /crm/v4/objects/contacts/787331492056/associations/default/companies/156782139619 HTTP/1.1" 200 213
2026-05-27 17:01:55,102 DEBUG urllib3.connectionpool: https://api.hubapi.com:443 "POST /crm/v3/objects/contacts/search HTTP/1.1" 200 24
2026-05-27 17:01:55,683 DEBUG urllib3.connectionpool: https://api.hubapi.com:443 "POST /crm/v3/objects/contacts HTTP/1.1" 201 625
2026-05-27 17:01:56,106 DEBUG urllib3.connectionpool: https://api.hubapi.com:443 "PUT /crm/v4/objects/contacts/787303369945/associations/default/companies/156782139619 HTTP/1.1" 200 213
2026-05-27 17:01:56,501 DEBUG urllib3.connectionpool: https://api.hubapi.com:443 "POST /crm/v3/objects/contacts/search HTTP/1.1" 200 24
2026-05-27 17:01:56,988 DEBUG urllib3.connectionpool: https://api.hubapi.com:443 "POST /crm/v3/objects/contacts HTTP/1.1" 201 627
2026-05-27 17:01:57,336 DEBUG urllib3.connectionpool: https://api.hubapi.com:443 "PUT /crm/v4/objects/contacts/787258990778/associations/default/companies/156782139619 HTTP/1.1" 200 212
2026-05-27 17:01:57,662 DEBUG urllib3.connectionpool: https://api.hubapi.com:443 "POST /crm/v3/objects/contacts/search HTTP/1.1" 200 24
2026-05-27 17:01:58,164 DEBUG urllib3.connectionpool: https://api.hubapi.com:443 "POST /crm/v3/objects/contacts HTTP/1.1" 201 611
2026-05-27 17:01:58,584 DEBUG urllib3.connectionpool: https://api.hubapi.com:443 "PUT /crm/v4/objects/contacts/787379301593/associations/default/companies/156782139619 HTTP/1.1" 200 213
2026-05-27 17:01:58,973 DEBUG urllib3.connectionpool: https://api.hubapi.com:443 "POST /crm/v3/objects/contacts/search HTTP/1.1" 200 24
2026-05-27 17:01:59,505 DEBUG urllib3.connectionpool: https://api.hubapi.com:443 "POST /crm/v3/objects/contacts HTTP/1.1" 201 629
2026-05-27 17:01:59,923 DEBUG urllib3.connectionpool: https://api.hubapi.com:443 "PUT /crm/v4/objects/contacts/787331183844/associations/default/companies/156782139619 HTTP/1.1" 200 213
2026-05-27 17:02:00,324 DEBUG urllib3.connectionpool: https://api.hubapi.com:443 "POST /crm/v3/objects/contacts/search HTTP/1.1" 200 24
2026-05-27 17:02:00,836 DEBUG urllib3.connectionpool: https://api.hubapi.com:443 "POST /crm/v3/objects/contacts HTTP/1.1" 201 622
2026-05-27 17:02:01,247 DEBUG urllib3.connectionpool: https://api.hubapi.com:443 "PUT /crm/v4/objects/contacts/787327601871/associations/default/companies/156782139619 HTTP/1.1" 200 212
2026-05-27 17:02:01,656 DEBUG urllib3.connectionpool: https://api.hubapi.com:443 "POST /crm/v3/objects/contacts/search HTTP/1.1" 200 24
2026-05-27 17:02:02,270 DEBUG urllib3.connectionpool: https://api.hubapi.com:443 "POST /crm/v3/objects/contacts HTTP/1.1" 201 617
2026-05-27 17:02:02,741 DEBUG urllib3.connectionpool: https://api.hubapi.com:443 "PUT /crm/v4/objects/contacts/787259797720/associations/default/companies/156782139619 HTTP/1.1" 200 212
2026-05-27 17:02:03,096 DEBUG urllib3.connectionpool: https://api.hubapi.com:443 "POST /crm/v3/objects/contacts/search HTTP/1.1" 200 24
2026-05-27 17:02:03,600 DEBUG urllib3.connectionpool: https://api.hubapi.com:443 "POST /crm/v3/objects/contacts HTTP/1.1" 201 624
2026-05-27 17:02:03,980 DEBUG urllib3.connectionpool: https://api.hubapi.com:443 "PUT /crm/v4/objects/contacts/787211783354/associations/default/companies/156782139619 HTTP/1.1" 200 215
2026-05-27 17:02:04,317 DEBUG urllib3.connectionpool: https://api.hubapi.com:443 "POST /crm/v3/objects/contacts/search HTTP/1.1" 200 24
2026-05-27 17:02:04,887 DEBUG urllib3.connectionpool: https://api.hubapi.com:443 "POST /crm/v3/objects/contacts HTTP/1.1" 201 625
2026-05-27 17:02:05,358 DEBUG urllib3.connectionpool: https://api.hubapi.com:443 "PUT /crm/v4/objects/contacts/787273205953/associations/default/companies/431562731733 HTTP/1.1" 200 211
2026-05-27 17:02:05,762 DEBUG urllib3.connectionpool: https://api.hubapi.com:443 "POST /crm/v3/objects/contacts/search HTTP/1.1" 200 24
2026-05-27 17:02:06,243 DEBUG urllib3.connectionpool: https://api.hubapi.com:443 "POST /crm/v3/objects/contacts HTTP/1.1" 201 640
2026-05-27 17:02:06,705 DEBUG urllib3.connectionpool: https://api.hubapi.com:443 "PUT /crm/v4/objects/contacts/787273205957/associations/default/companies/431562731733 HTTP/1.1" 200 211
2026-05-27 17:02:07,017 DEBUG urllib3.connectionpool: https://api.hubapi.com:443 "POST /crm/v3/objects/contacts/search HTTP/1.1" 200 24
2026-05-27 17:02:07,471 DEBUG urllib3.connectionpool: https://api.hubapi.com:443 "POST /crm/v3/objects/contacts HTTP/1.1" 201 639
2026-05-27 17:02:07,842 DEBUG urllib3.connectionpool: https://api.hubapi.com:443 "PUT /crm/v4/objects/contacts/787332352188/associations/default/companies/431546594542 HTTP/1.1" 200 213
2026-05-27 17:02:08,317 DEBUG urllib3.connectionpool: https://api.hubapi.com:443 "POST /crm/v3/objects/contacts/search HTTP/1.1" 200 24
2026-05-27 17:02:08,922 DEBUG urllib3.connectionpool: https://api.hubapi.com:443 "POST /crm/v3/objects/contacts HTTP/1.1" 201 638
2026-05-27 17:02:09,339 DEBUG urllib3.connectionpool: https://api.hubapi.com:443 "PUT /crm/v4/objects/contacts/787280533734/associations/default/companies/431546594542 HTTP/1.1" 200 212
2026-05-27 17:02:09,925 DEBUG urllib3.connectionpool: https://api.hubapi.com:443 "POST /crm/v3/objects/contacts/search HTTP/1.1" 200 24
2026-05-27 17:02:10,769 DEBUG urllib3.connectionpool: https://api.hubapi.com:443 "POST /crm/v3/objects/contacts HTTP/1.1" 201 632
2026-05-27 17:02:11,127 DEBUG urllib3.connectionpool: https://api.hubapi.com:443 "PUT /crm/v4/objects/contacts/787296318669/associations/default/companies/431546594542 HTTP/1.1" 200 213
2026-05-27 17:02:11,453 DEBUG urllib3.connectionpool: https://api.hubapi.com:443 "POST /crm/v3/objects/contacts/search HTTP/1.1" 200 24
2026-05-27 17:02:11,943 DEBUG urllib3.connectionpool: https://api.hubapi.com:443 "POST /crm/v3/objects/contacts HTTP/1.1" 201 640
2026-05-27 17:02:12,318 DEBUG urllib3.connectionpool: https://api.hubapi.com:443 "PUT /crm/v4/objects/contacts/787211783365/associations/default/companies/431546594542 HTTP/1.1" 200 213
2026-05-27 17:02:12,716 DEBUG urllib3.connectionpool: https://api.hubapi.com:443 "POST /crm/v3/objects/contacts/search HTTP/1.1" 200 24
2026-05-27 17:02:13,176 DEBUG urllib3.connectionpool: https://api.hubapi.com:443 "POST /crm/v3/objects/contacts HTTP/1.1" 201 643
2026-05-27 17:02:13,639 DEBUG urllib3.connectionpool: https://api.hubapi.com:443 "PUT /crm/v4/objects/contacts/787332353267/associations/default/companies/431546594542 HTTP/1.1" 200 213
2026-05-27 17:02:14,047 DEBUG urllib3.connectionpool: https://api.hubapi.com:443 "POST /crm/v3/objects/contacts/search HTTP/1.1" 200 24
2026-05-27 17:02:14,558 DEBUG urllib3.connectionpool: https://api.hubapi.com:443 "POST /crm/v3/objects/contacts HTTP/1.1" 201 634
2026-05-27 17:02:14,967 DEBUG urllib3.connectionpool: https://api.hubapi.com:443 "PUT /crm/v4/objects/contacts/787280025798/associations/default/companies/431546594542 HTTP/1.1" 200 212
2026-05-27 17:02:15,294 DEBUG urllib3.connectionpool: https://api.hubapi.com:443 "POST /crm/v3/objects/contacts/search HTTP/1.1" 200 24
2026-05-27 17:02:15,890 DEBUG urllib3.connectionpool: https://api.hubapi.com:443 "POST /crm/v3/objects/contacts HTTP/1.1" 201 638
2026-05-27 17:02:16,274 DEBUG urllib3.connectionpool: https://api.hubapi.com:443 "PUT /crm/v4/objects/contacts/787327029464/associations/default/companies/431546594542 HTTP/1.1" 200 213
2026-05-27 17:02:16,607 DEBUG urllib3.connectionpool: https://api.hubapi.com:443 "POST /crm/v3/objects/contacts/search HTTP/1.1" 200 24
2026-05-27 17:02:17,062 DEBUG urllib3.connectionpool: https://api.hubapi.com:443 "POST /crm/v3/objects/contacts HTTP/1.1" 201 647
2026-05-27 17:02:17,528 DEBUG urllib3.connectionpool: https://api.hubapi.com:443 "PUT /crm/v4/objects/contacts/787379302594/associations/default/companies/431546594542 HTTP/1.1" 200 212
2026-05-27 17:02:17,946 DEBUG urllib3.connectionpool: https://api.hubapi.com:443 "POST /crm/v3/objects/contacts/search HTTP/1.1" 200 24
2026-05-27 17:02:18,407 DEBUG urllib3.connectionpool: https://api.hubapi.com:443 "POST /crm/v3/objects/contacts HTTP/1.1" 201 643
2026-05-27 17:02:18,858 DEBUG urllib3.connectionpool: https://api.hubapi.com:443 "PUT /crm/v4/objects/contacts/787304691920/associations/default/companies/431546594542 HTTP/1.1" 200 214
2026-05-27 17:02:19,228 DEBUG urllib3.connectionpool: https://api.hubapi.com:443 "POST /crm/v3/objects/contacts/search HTTP/1.1" 200 24
2026-05-27 17:02:19,681 DEBUG urllib3.connectionpool: https://api.hubapi.com:443 "POST /crm/v3/objects/contacts HTTP/1.1" 201 636
2026-05-27 17:02:20,087 DEBUG urllib3.connectionpool: https://api.hubapi.com:443 "PUT /crm/v4/objects/contacts/787325160656/associations/default/companies/431546594542 HTTP/1.1" 200 212
2026-05-27 17:02:20,391 DEBUG urllib3.connectionpool: https://api.hubapi.com:443 "POST /crm/v3/objects/contacts/search HTTP/1.1" 200 24
2026-05-27 17:02:20,905 DEBUG urllib3.connectionpool: https://api.hubapi.com:443 "POST /crm/v3/objects/contacts HTTP/1.1" 201 647
2026-05-27 17:02:21,275 DEBUG urllib3.connectionpool: https://api.hubapi.com:443 "PUT /crm/v4/objects/contacts/787378517182/associations/default/companies/431546594542 HTTP/1.1" 200 213
2026-05-27 17:02:21,636 DEBUG urllib3.connectionpool: https://api.hubapi.com:443 "POST /crm/v3/objects/contacts/search HTTP/1.1" 200 24
2026-05-27 17:02:22,067 DEBUG urllib3.connectionpool: https://api.hubapi.com:443 "POST /crm/v3/objects/contacts HTTP/1.1" 201 600
2026-05-27 17:02:22,481 DEBUG urllib3.connectionpool: https://api.hubapi.com:443 "PUT /crm/v4/objects/contacts/787281295575/associations/default/companies/431546594542 HTTP/1.1" 200 212
2026-05-27 17:02:23,049 DEBUG urllib3.connectionpool: https://api.hubapi.com:443 "POST /crm/v3/objects/contacts/search HTTP/1.1" 200 24
2026-05-27 17:02:23,611 DEBUG urllib3.connectionpool: https://api.hubapi.com:443 "POST /crm/v3/objects/contacts HTTP/1.1" 201 597
2026-05-27 17:02:24,300 DEBUG urllib3.connectionpool: https://api.hubapi.com:443 "PUT /crm/v4/objects/contacts/787295138013/associations/default/companies/431546594542 HTTP/1.1" 200 213
2026-05-27 17:02:24,792 DEBUG urllib3.connectionpool: https://api.hubapi.com:443 "POST /crm/v3/objects/contacts/search HTTP/1.1" 200 24
2026-05-27 17:02:25,337 DEBUG urllib3.connectionpool: https://api.hubapi.com:443 "POST /crm/v3/objects/contacts HTTP/1.1" 201 619
2026-05-27 17:02:25,825 DEBUG urllib3.connectionpool: https://api.hubapi.com:443 "PUT /crm/v4/objects/contacts/787321780412/associations/default/companies/431546594542 HTTP/1.1" 200 212
2026-05-27 17:02:26,316 DEBUG urllib3.connectionpool: https://api.hubapi.com:443 "POST /crm/v3/objects/contacts/search HTTP/1.1" 200 24
2026-05-27 17:02:26,875 DEBUG urllib3.connectionpool: https://api.hubapi.com:443 "POST /crm/v3/objects/contacts HTTP/1.1" 201 632
2026-05-27 17:02:27,291 DEBUG urllib3.connectionpool: https://api.hubapi.com:443 "PUT /crm/v4/objects/contacts/787319930073/associations/default/companies/431546594542 HTTP/1.1" 200 213
2026-05-27 17:02:27,652 DEBUG urllib3.connectionpool: https://api.hubapi.com:443 "POST /crm/v3/objects/contacts/search HTTP/1.1" 200 24
2026-05-27 17:02:28,302 DEBUG urllib3.connectionpool: https://api.hubapi.com:443 "POST /crm/v3/objects/contacts HTTP/1.1" 201 621
2026-05-27 17:02:28,711 DEBUG urllib3.connectionpool: https://api.hubapi.com:443 "PUT /crm/v4/objects/contacts/787331987690/associations/default/companies/431546594542 HTTP/1.1" 200 213
2026-05-27 17:02:29,024 DEBUG urllib3.connectionpool: https://api.hubapi.com:443 "POST /crm/v3/objects/contacts/search HTTP/1.1" 200 24
2026-05-27 17:02:29,480 DEBUG urllib3.connectionpool: https://api.hubapi.com:443 "POST /crm/v3/objects/contacts HTTP/1.1" 201 627
2026-05-27 17:02:29,829 DEBUG urllib3.connectionpool: https://api.hubapi.com:443 "PUT /crm/v4/objects/contacts/787295887579/associations/default/companies/431546594542 HTTP/1.1" 200 212
2026-05-27 17:02:30,149 DEBUG urllib3.connectionpool: https://api.hubapi.com:443 "POST /crm/v3/objects/contacts/search HTTP/1.1" 200 24
2026-05-27 17:02:30,641 DEBUG urllib3.connectionpool: https://api.hubapi.com:443 "POST /crm/v3/objects/contacts HTTP/1.1" 201 628
2026-05-27 17:02:30,993 DEBUG urllib3.connectionpool: https://api.hubapi.com:443 "PUT /crm/v4/objects/contacts/787378517191/associations/default/companies/431546594542 HTTP/1.1" 200 215
2026-05-27 17:02:31,308 DEBUG urllib3.connectionpool: https://api.hubapi.com:443 "POST /crm/v3/objects/contacts/search HTTP/1.1" 200 24
2026-05-27 17:02:31,760 DEBUG urllib3.connectionpool: https://api.hubapi.com:443 "POST /crm/v3/objects/contacts HTTP/1.1" 201 618
2026-05-27 17:02:32,111 DEBUG urllib3.connectionpool: https://api.hubapi.com:443 "PUT /crm/v4/objects/contacts/787295466741/associations/default/companies/431456557242 HTTP/1.1" 200 212
2026-05-27 17:02:32,480 DEBUG urllib3.connectionpool: https://api.hubapi.com:443 "POST /crm/v3/objects/contacts/search HTTP/1.1" 200 24
2026-05-27 17:02:33,010 DEBUG urllib3.connectionpool: https://api.hubapi.com:443 "POST /crm/v3/objects/contacts HTTP/1.1" 201 617
2026-05-27 17:02:33,384 DEBUG urllib3.connectionpool: https://api.hubapi.com:443 "PUT /crm/v4/objects/contacts/787321510103/associations/default/companies/431456557242 HTTP/1.1" 200 213
2026-05-27 17:02:33,809 DEBUG urllib3.connectionpool: https://api.hubapi.com:443 "POST /crm/v3/objects/contacts/search HTTP/1.1" 200 24
2026-05-27 17:02:34,218 DEBUG urllib3.connectionpool: https://api.hubapi.com:443 "POST /crm/v3/objects/contacts HTTP/1.1" 201 634
2026-05-27 17:02:34,577 DEBUG urllib3.connectionpool: https://api.hubapi.com:443 "PUT /crm/v4/objects/contacts/787303371984/associations/default/companies/431456557242 HTTP/1.1" 200 213
2026-05-27 17:02:34,946 DEBUG urllib3.connectionpool: https://api.hubapi.com:443 "POST /crm/v3/objects/contacts/search HTTP/1.1" 200 24
2026-05-27 17:02:35,376 DEBUG urllib3.connectionpool: https://api.hubapi.com:443 "POST /crm/v3/objects/contacts HTTP/1.1" 201 621
2026-05-27 17:02:35,760 DEBUG urllib3.connectionpool: https://api.hubapi.com:443 "PUT /crm/v4/objects/contacts/787273207008/associations/default/companies/431456557242 HTTP/1.1" 200 212
2026-05-27 17:02:36,165 DEBUG urllib3.connectionpool: https://api.hubapi.com:443 "POST /crm/v3/objects/contacts/search HTTP/1.1" 200 24
2026-05-27 17:02:36,578 DEBUG urllib3.connectionpool: https://api.hubapi.com:443 "POST /crm/v3/objects/contacts HTTP/1.1" 201 617
2026-05-27 17:02:37,089 DEBUG urllib3.connectionpool: https://api.hubapi.com:443 "PUT /crm/v4/objects/contacts/787258992844/associations/default/companies/431456557242 HTTP/1.1" 200 212
2026-05-27 17:02:37,090 INFO contact_upsert: contact writes: {'created': 54, 'updated': 0, 'skipped': 0, 'dry_run': 0, 'error': 0}
2026-05-27 17:02:37,093 INFO contact_upsert: wrote 54 contact results to /Users/ameyadeshmukh/Documents/sdraiworker/Website-Deanonymization-AI-Worker/data/hubspot_contact_writes.json
2026-05-27 17:02:37,095 INFO pipeline: done.
