2026-05-27 17:27:16,439 INFO pipeline: logging to /Users/ameyadeshmukh/Documents/sdraiworker/Website-Deanonymization-AI-Worker/logs/run_20260527_172716.log
2026-05-27 17:27:16,439 INFO pipeline: running steps: ['4']
2026-05-27 17:27:16,521 INFO pipeline: === Step 4: writing companies to HubSpot ===
2026-05-27 17:27:16,543 DEBUG urllib3.connectionpool: Starting new HTTPS connection (1): api.hubapi.com:443
2026-05-27 17:27:16,947 DEBUG urllib3.connectionpool: https://api.hubapi.com:443 "GET /crm/v3/properties/companies HTTP/1.1" 200 None
2026-05-27 17:27:17,550 DEBUG urllib3.connectionpool: https://api.hubapi.com:443 "POST /crm/v3/properties/companies HTTP/1.1" 201 463
2026-05-27 17:27:17,552 INFO hubspot_client: auto-created HubSpot company property `is_icp_fit` (boolean checkbox)
2026-05-27 17:27:17,865 DEBUG urllib3.connectionpool: https://api.hubapi.com:443 "GET /crm/v3/properties/companies HTTP/1.1" 200 None
2026-05-27 17:27:17,885 INFO hubspot_client: aggregated 889 ips into 36 domains (delta visits this run: 0)
2026-05-27 17:27:18,232 DEBUG urllib3.connectionpool: https://api.hubapi.com:443 "POST /crm/v3/objects/companies/search HTTP/1.1" 200 258
2026-05-27 17:27:18,546 DEBUG urllib3.connectionpool: https://api.hubapi.com:443 "GET /crm/v3/objects/companies/431550921967?properties=website_visit_count HTTP/1.1" 200 217
2026-05-27 17:27:19,496 DEBUG urllib3.connectionpool: https://api.hubapi.com:443 "PATCH /crm/v3/objects/companies/431550921967 HTTP/1.1" 200 372
2026-05-27 17:27:19,904 DEBUG urllib3.connectionpool: https://api.hubapi.com:443 "POST /crm/v3/objects/companies/search HTTP/1.1" 200 268
2026-05-27 17:27:20,220 DEBUG urllib3.connectionpool: https://api.hubapi.com:443 "GET /crm/v3/objects/companies/431550655736?properties=website_visit_count HTTP/1.1" 200 218
2026-05-27 17:27:20,593 DEBUG urllib3.connectionpool: https://api.hubapi.com:443 "PATCH /crm/v3/objects/companies/431550655736 HTTP/1.1" 200 397
2026-05-27 17:27:20,921 DEBUG urllib3.connectionpool: https://api.hubapi.com:443 "POST /crm/v3/objects/companies/search HTTP/1.1" 200 272
2026-05-27 17:27:21,339 DEBUG urllib3.connectionpool: https://api.hubapi.com:443 "GET /crm/v3/objects/companies/431563213037?properties=website_visit_count HTTP/1.1" 200 216
2026-05-27 17:27:21,736 DEBUG urllib3.connectionpool: https://api.hubapi.com:443 "PATCH /crm/v3/objects/companies/431563213037 HTTP/1.1" 200 403
2026-05-27 17:27:22,156 DEBUG urllib3.connectionpool: https://api.hubapi.com:443 "POST /crm/v3/objects/companies/search HTTP/1.1" 200 263
2026-05-27 17:27:22,569 DEBUG urllib3.connectionpool: https://api.hubapi.com:443 "GET /crm/v3/objects/companies/431546650841?properties=website_visit_count HTTP/1.1" 200 219
2026-05-27 17:27:22,977 DEBUG urllib3.connectionpool: https://api.hubapi.com:443 "PATCH /crm/v3/objects/companies/431546650841 HTTP/1.1" 200 448
2026-05-27 17:27:23,310 DEBUG urllib3.connectionpool: https://api.hubapi.com:443 "POST /crm/v3/objects/companies/search HTTP/1.1" 200 252
2026-05-27 17:27:23,601 DEBUG urllib3.connectionpool: https://api.hubapi.com:443 "GET /crm/v3/objects/companies/431562959083?properties=website_visit_count HTTP/1.1" 200 215
2026-05-27 17:27:24,015 DEBUG urllib3.connectionpool: https://api.hubapi.com:443 "PATCH /crm/v3/objects/companies/431562959083 HTTP/1.1" 200 391
2026-05-27 17:27:24,339 DEBUG urllib3.connectionpool: https://api.hubapi.com:443 "POST /crm/v3/objects/companies/search HTTP/1.1" 200 258
2026-05-27 17:27:24,622 DEBUG urllib3.connectionpool: https://api.hubapi.com:443 "GET /crm/v3/objects/companies/431550852289?properties=website_visit_count HTTP/1.1" 200 216
2026-05-27 17:27:25,000 DEBUG urllib3.connectionpool: https://api.hubapi.com:443 "PATCH /crm/v3/objects/companies/431550852289 HTTP/1.1" 200 413
2026-05-27 17:27:25,433 DEBUG urllib3.connectionpool: https://api.hubapi.com:443 "POST /crm/v3/objects/companies/search HTTP/1.1" 200 266
2026-05-27 17:27:25,740 DEBUG urllib3.connectionpool: https://api.hubapi.com:443 "GET /crm/v3/objects/companies/431550547178?properties=website_visit_count HTTP/1.1" 200 215
2026-05-27 17:27:26,088 DEBUG urllib3.connectionpool: https://api.hubapi.com:443 "PATCH /crm/v3/objects/companies/431550547178 HTTP/1.1" 200 410
2026-05-27 17:27:26,457 DEBUG urllib3.connectionpool: https://api.hubapi.com:443 "POST /crm/v3/objects/companies/search HTTP/1.1" 200 265
2026-05-27 17:27:26,867 DEBUG urllib3.connectionpool: https://api.hubapi.com:443 "GET /crm/v3/objects/companies/431565480150?properties=website_visit_count HTTP/1.1" 200 217
2026-05-27 17:27:27,236 DEBUG urllib3.connectionpool: https://api.hubapi.com:443 "PATCH /crm/v3/objects/companies/431565480150 HTTP/1.1" 200 372
2026-05-27 17:27:27,583 DEBUG urllib3.connectionpool: https://api.hubapi.com:443 "POST /crm/v3/objects/companies/search HTTP/1.1" 200 259
2026-05-27 17:27:27,873 DEBUG urllib3.connectionpool: https://api.hubapi.com:443 "GET /crm/v3/objects/companies/431565565118?properties=website_visit_count HTTP/1.1" 200 214
2026-05-27 17:27:28,237 DEBUG urllib3.connectionpool: https://api.hubapi.com:443 "PATCH /crm/v3/objects/companies/431565565118 HTTP/1.1" 200 414
2026-05-27 17:27:28,607 DEBUG urllib3.connectionpool: https://api.hubapi.com:443 "POST /crm/v3/objects/companies/search HTTP/1.1" 200 252
2026-05-27 17:27:28,914 DEBUG urllib3.connectionpool: https://api.hubapi.com:443 "GET /crm/v3/objects/companies/431456557242?properties=website_visit_count HTTP/1.1" 200 220
2026-05-27 17:27:29,325 DEBUG urllib3.connectionpool: https://api.hubapi.com:443 "PATCH /crm/v3/objects/companies/431456557242 HTTP/1.1" 200 404
2026-05-27 17:27:29,649 DEBUG urllib3.connectionpool: https://api.hubapi.com:443 "POST /crm/v3/objects/companies/search HTTP/1.1" 200 258
2026-05-27 17:27:29,939 DEBUG urllib3.connectionpool: https://api.hubapi.com:443 "GET /crm/v3/objects/companies/108583111892?properties=website_visit_count HTTP/1.1" 200 226
2026-05-27 17:27:30,299 DEBUG urllib3.connectionpool: https://api.hubapi.com:443 "PATCH /crm/v3/objects/companies/108583111892 HTTP/1.1" 200 488
2026-05-27 17:27:30,630 DEBUG urllib3.connectionpool: https://api.hubapi.com:443 "POST /crm/v3/objects/companies/search HTTP/1.1" 200 256
2026-05-27 17:27:30,963 DEBUG urllib3.connectionpool: https://api.hubapi.com:443 "GET /crm/v3/objects/companies/431489345737?properties=website_visit_count HTTP/1.1" 200 214
2026-05-27 17:27:31,372 DEBUG urllib3.connectionpool: https://api.hubapi.com:443 "PATCH /crm/v3/objects/companies/431489345737 HTTP/1.1" 200 371
2026-05-27 17:27:31,680 DEBUG urllib3.connectionpool: https://api.hubapi.com:443 "POST /crm/v3/objects/companies/search HTTP/1.1" 200 253
2026-05-27 17:27:31,987 DEBUG urllib3.connectionpool: https://api.hubapi.com:443 "GET /crm/v3/objects/companies/57643902152?properties=website_visit_count HTTP/1.1" 200 225
2026-05-27 17:27:32,394 DEBUG urllib3.connectionpool: https://api.hubapi.com:443 "PATCH /crm/v3/objects/companies/57643902152 HTTP/1.1" 200 554
2026-05-27 17:27:32,715 DEBUG urllib3.connectionpool: https://api.hubapi.com:443 "POST /crm/v3/objects/companies/search HTTP/1.1" 200 249
2026-05-27 17:27:33,006 DEBUG urllib3.connectionpool: https://api.hubapi.com:443 "GET /crm/v3/objects/companies/431546832060?properties=website_visit_count HTTP/1.1" 200 216
2026-05-27 17:27:33,420 DEBUG urllib3.connectionpool: https://api.hubapi.com:443 "PATCH /crm/v3/objects/companies/431546832060 HTTP/1.1" 200 405
2026-05-27 17:27:33,832 DEBUG urllib3.connectionpool: https://api.hubapi.com:443 "POST /crm/v3/objects/companies/search HTTP/1.1" 200 267
2026-05-27 17:27:34,134 DEBUG urllib3.connectionpool: https://api.hubapi.com:443 "GET /crm/v3/objects/companies/431563213043?properties=website_visit_count HTTP/1.1" 200 213
2026-05-27 17:27:34,547 DEBUG urllib3.connectionpool: https://api.hubapi.com:443 "PATCH /crm/v3/objects/companies/431563213043 HTTP/1.1" 200 404
2026-05-27 17:27:34,967 DEBUG urllib3.connectionpool: https://api.hubapi.com:443 "POST /crm/v3/objects/companies/search HTTP/1.1" 200 271
2026-05-27 17:27:35,245 DEBUG urllib3.connectionpool: https://api.hubapi.com:443 "GET /crm/v3/objects/companies/431565540569?properties=website_visit_count HTTP/1.1" 200 216
2026-05-27 17:27:35,595 DEBUG urllib3.connectionpool: https://api.hubapi.com:443 "PATCH /crm/v3/objects/companies/431565540569 HTTP/1.1" 200 409
2026-05-27 17:27:35,942 DEBUG urllib3.connectionpool: https://api.hubapi.com:443 "POST /crm/v3/objects/companies/search HTTP/1.1" 200 255
2026-05-27 17:27:36,270 DEBUG urllib3.connectionpool: https://api.hubapi.com:443 "GET /crm/v3/objects/companies/431565565120?properties=website_visit_count HTTP/1.1" 200 217
2026-05-27 17:27:36,697 DEBUG urllib3.connectionpool: https://api.hubapi.com:443 "PATCH /crm/v3/objects/companies/431565565120 HTTP/1.1" 200 401
2026-05-27 17:27:37,007 DEBUG urllib3.connectionpool: https://api.hubapi.com:443 "POST /crm/v3/objects/companies/search HTTP/1.1" 200 257
2026-05-27 17:27:37,283 DEBUG urllib3.connectionpool: https://api.hubapi.com:443 "GET /crm/v3/objects/companies/431565362372?properties=website_visit_count HTTP/1.1" 200 215
2026-05-27 17:27:37,722 DEBUG urllib3.connectionpool: https://api.hubapi.com:443 "PATCH /crm/v3/objects/companies/431565362372 HTTP/1.1" 200 397
2026-05-27 17:27:38,109 DEBUG urllib3.connectionpool: https://api.hubapi.com:443 "POST /crm/v3/objects/companies/search HTTP/1.1" 200 286
2026-05-27 17:27:38,437 DEBUG urllib3.connectionpool: https://api.hubapi.com:443 "GET /crm/v3/objects/companies/431408863472?properties=website_visit_count HTTP/1.1" 200 216
2026-05-27 17:27:38,813 DEBUG urllib3.connectionpool: https://api.hubapi.com:443 "PATCH /crm/v3/objects/companies/431408863472 HTTP/1.1" 200 382
2026-05-27 17:27:39,257 DEBUG urllib3.connectionpool: https://api.hubapi.com:443 "POST /crm/v3/objects/companies/search HTTP/1.1" 200 247
2026-05-27 17:27:39,545 DEBUG urllib3.connectionpool: https://api.hubapi.com:443 "GET /crm/v3/objects/companies/431563213046?properties=website_visit_count HTTP/1.1" 200 217
2026-05-27 17:27:39,924 DEBUG urllib3.connectionpool: https://api.hubapi.com:443 "PATCH /crm/v3/objects/companies/431563213046 HTTP/1.1" 200 413
2026-05-27 17:27:40,234 DEBUG urllib3.connectionpool: https://api.hubapi.com:443 "POST /crm/v3/objects/companies/search HTTP/1.1" 200 252
2026-05-27 17:27:40,533 DEBUG urllib3.connectionpool: https://api.hubapi.com:443 "GET /crm/v3/objects/companies/431550949563?properties=website_visit_count HTTP/1.1" 200 214
2026-05-27 17:27:41,000 DEBUG urllib3.connectionpool: https://api.hubapi.com:443 "PATCH /crm/v3/objects/companies/431550949563 HTTP/1.1" 200 420
2026-05-27 17:27:41,407 DEBUG urllib3.connectionpool: https://api.hubapi.com:443 "POST /crm/v3/objects/companies/search HTTP/1.1" 200 262
2026-05-27 17:27:41,687 DEBUG urllib3.connectionpool: https://api.hubapi.com:443 "GET /crm/v3/objects/companies/431509229786?properties=website_visit_count HTTP/1.1" 200 218
2026-05-27 17:27:42,045 DEBUG urllib3.connectionpool: https://api.hubapi.com:443 "PATCH /crm/v3/objects/companies/431509229786 HTTP/1.1" 200 369
2026-05-27 17:27:42,431 DEBUG urllib3.connectionpool: https://api.hubapi.com:443 "POST /crm/v3/objects/companies/search HTTP/1.1" 200 260
2026-05-27 17:27:42,739 DEBUG urllib3.connectionpool: https://api.hubapi.com:443 "GET /crm/v3/objects/companies/156755536113?properties=website_visit_count HTTP/1.1" 200 226
2026-05-27 17:27:43,148 DEBUG urllib3.connectionpool: https://api.hubapi.com:443 "PATCH /crm/v3/objects/companies/156755536113 HTTP/1.1" 200 474
2026-05-27 17:27:43,450 DEBUG urllib3.connectionpool: https://api.hubapi.com:443 "POST /crm/v3/objects/companies/search HTTP/1.1" 200 264
2026-05-27 17:27:43,756 DEBUG urllib3.connectionpool: https://api.hubapi.com:443 "GET /crm/v3/objects/companies/431562731733?properties=website_visit_count HTTP/1.1" 200 222
2026-05-27 17:27:44,172 DEBUG urllib3.connectionpool: https://api.hubapi.com:443 "PATCH /crm/v3/objects/companies/431562731733 HTTP/1.1" 200 370
2026-05-27 17:27:44,500 DEBUG urllib3.connectionpool: https://api.hubapi.com:443 "POST /crm/v3/objects/companies/search HTTP/1.1" 200 268
2026-05-27 17:27:44,786 DEBUG urllib3.connectionpool: https://api.hubapi.com:443 "GET /crm/v3/objects/companies/431565513936?properties=website_visit_count HTTP/1.1" 200 217
2026-05-27 17:27:45,149 DEBUG urllib3.connectionpool: https://api.hubapi.com:443 "PATCH /crm/v3/objects/companies/431565513936 HTTP/1.1" 200 405
2026-05-27 17:27:45,496 DEBUG urllib3.connectionpool: https://api.hubapi.com:443 "POST /crm/v3/objects/companies/search HTTP/1.1" 200 262
2026-05-27 17:27:45,811 DEBUG urllib3.connectionpool: https://api.hubapi.com:443 "GET /crm/v3/objects/companies/429689106667?properties=website_visit_count HTTP/1.1" 200 223
2026-05-27 17:27:46,220 DEBUG urllib3.connectionpool: https://api.hubapi.com:443 "PATCH /crm/v3/objects/companies/429689106667 HTTP/1.1" 200 491
2026-05-27 17:27:46,629 DEBUG urllib3.connectionpool: https://api.hubapi.com:443 "POST /crm/v3/objects/companies/search HTTP/1.1" 200 263
2026-05-27 17:27:46,914 DEBUG urllib3.connectionpool: https://api.hubapi.com:443 "GET /crm/v3/objects/companies/431565701358?properties=website_visit_count HTTP/1.1" 200 217
2026-05-27 17:27:47,347 DEBUG urllib3.connectionpool: https://api.hubapi.com:443 "PATCH /crm/v3/objects/companies/431565701358 HTTP/1.1" 200 369
2026-05-27 17:27:47,644 DEBUG urllib3.connectionpool: https://api.hubapi.com:443 "POST /crm/v3/objects/companies/search HTTP/1.1" 200 268
2026-05-27 17:27:47,960 DEBUG urllib3.connectionpool: https://api.hubapi.com:443 "GET /crm/v3/objects/companies/429876914367?properties=website_visit_count HTTP/1.1" 200 224
2026-05-27 17:27:48,339 DEBUG urllib3.connectionpool: https://api.hubapi.com:443 "PATCH /crm/v3/objects/companies/429876914367 HTTP/1.1" 200 493
2026-05-27 17:27:48,643 DEBUG urllib3.connectionpool: https://api.hubapi.com:443 "POST /crm/v3/objects/companies/search HTTP/1.1" 200 252
2026-05-27 17:27:48,933 DEBUG urllib3.connectionpool: https://api.hubapi.com:443 "GET /crm/v3/objects/companies/156782139619?properties=website_visit_count HTTP/1.1" 200 224
2026-05-27 17:27:49,300 DEBUG urllib3.connectionpool: https://api.hubapi.com:443 "PATCH /crm/v3/objects/companies/156782139619 HTTP/1.1" 200 559
2026-05-27 17:27:49,618 DEBUG urllib3.connectionpool: https://api.hubapi.com:443 "POST /crm/v3/objects/companies/search HTTP/1.1" 200 261
2026-05-27 17:27:49,903 DEBUG urllib3.connectionpool: https://api.hubapi.com:443 "GET /crm/v3/objects/companies/431546594542?properties=website_visit_count HTTP/1.1" 200 221
2026-05-27 17:27:50,253 DEBUG urllib3.connectionpool: https://api.hubapi.com:443 "PATCH /crm/v3/objects/companies/431546594542 HTTP/1.1" 200 414
2026-05-27 17:27:50,558 DEBUG urllib3.connectionpool: https://api.hubapi.com:443 "POST /crm/v3/objects/companies/search HTTP/1.1" 200 268
2026-05-27 17:27:50,895 DEBUG urllib3.connectionpool: https://api.hubapi.com:443 "GET /crm/v3/objects/companies/431562632388?properties=website_visit_count HTTP/1.1" 200 220
2026-05-27 17:27:51,233 DEBUG urllib3.connectionpool: https://api.hubapi.com:443 "PATCH /crm/v3/objects/companies/431562632388 HTTP/1.1" 200 414
2026-05-27 17:27:51,647 DEBUG urllib3.connectionpool: https://api.hubapi.com:443 "POST /crm/v3/objects/companies/search HTTP/1.1" 200 271
2026-05-27 17:27:52,057 DEBUG urllib3.connectionpool: https://api.hubapi.com:443 "GET /crm/v3/objects/companies/431550826723?properties=website_visit_count HTTP/1.1" 200 220
2026-05-27 17:27:52,412 DEBUG urllib3.connectionpool: https://api.hubapi.com:443 "PATCH /crm/v3/objects/companies/431550826723 HTTP/1.1" 200 397
2026-05-27 17:27:52,773 DEBUG urllib3.connectionpool: https://api.hubapi.com:443 "POST /crm/v3/objects/companies/search HTTP/1.1" 200 260
2026-05-27 17:27:53,080 DEBUG urllib3.connectionpool: https://api.hubapi.com:443 "GET /crm/v3/objects/companies/431550975200?properties=website_visit_count HTTP/1.1" 200 221
2026-05-27 17:27:53,491 DEBUG urllib3.connectionpool: https://api.hubapi.com:443 "PATCH /crm/v3/objects/companies/431550975200 HTTP/1.1" 200 382
2026-05-27 17:27:53,797 DEBUG urllib3.connectionpool: https://api.hubapi.com:443 "POST /crm/v3/objects/companies/search HTTP/1.1" 200 252
2026-05-27 17:27:54,079 DEBUG urllib3.connectionpool: https://api.hubapi.com:443 "GET /crm/v3/objects/companies/83535319265?properties=website_visit_count HTTP/1.1" 200 225
2026-05-27 17:27:54,514 DEBUG urllib3.connectionpool: https://api.hubapi.com:443 "PATCH /crm/v3/objects/companies/83535319265 HTTP/1.1" 200 570
2026-05-27 17:27:54,924 DEBUG urllib3.connectionpool: https://api.hubapi.com:443 "POST /crm/v3/objects/companies/search HTTP/1.1" 200 276
2026-05-27 17:27:55,200 DEBUG urllib3.connectionpool: https://api.hubapi.com:443 "GET /crm/v3/objects/companies/431550672116?properties=website_visit_count HTTP/1.1" 200 220
2026-05-27 17:27:55,560 DEBUG urllib3.connectionpool: https://api.hubapi.com:443 "PATCH /crm/v3/objects/companies/431550672116 HTTP/1.1" 200 392
2026-05-27 17:27:55,948 DEBUG urllib3.connectionpool: https://api.hubapi.com:443 "POST /crm/v3/objects/companies/search HTTP/1.1" 200 252
2026-05-27 17:27:56,242 DEBUG urllib3.connectionpool: https://api.hubapi.com:443 "GET /crm/v3/objects/companies/431550975201?properties=website_visit_count HTTP/1.1" 200 221
2026-05-27 17:27:56,609 DEBUG urllib3.connectionpool: https://api.hubapi.com:443 "PATCH /crm/v3/objects/companies/431550975201 HTTP/1.1" 200 395
2026-05-27 17:27:56,610 INFO hubspot_client: hubspot writes: {'updated': 36, 'created': 0, 'dry_run': 0, 'error': 0}
2026-05-27 17:27:56,612 INFO hubspot_client: wrote 36 results to /Users/ameyadeshmukh/Documents/sdraiworker/Website-Deanonymization-AI-Worker/data/hubspot_writes.json
2026-05-27 17:27:56,612 INFO hubspot_client: wrote credited state for 37 ips to /Users/ameyadeshmukh/Documents/sdraiworker/Website-Deanonymization-AI-Worker/data/credited_counts.json
2026-05-27 17:27:56,615 INFO pipeline: done.
